[backblue.gif]
[fade.gif]
[index.html]
[maxcdn.bootstrapcdn.com/bootstrap/4.3.1/css/bootstrap.min.css]
[ajax.googleapis.com/ajax/libs/jquery/3.3.1/jquery.min.js]
[cdnjs.cloudflare.com/ajax/libs/popper.js/1.14.7/umd/popper.min.js]
[maxcdn.bootstrapcdn.com/bootstrap/4.3.1/js/bootstrap.min.js]
[cdnjs.cloudflare.com/ajax/libs/codemirror/5.51.0/codemirror.min.js]
[cdnjs.cloudflare.com/ajax/libs/codemirror/5.51.0/codemirror.min.css]
[cdnjs.cloudflare.com/ajax/libs/codemirror/5.51.0/mode/javascript/javascript.min.js]
[cdnjs.cloudflare.com/ajax/libs/codemirror/5.51.0/theme/dracula.min.css]
[kit.fontawesome.com/b99e675b6e.js]
[cdn.discordapp.com/attachments/687290832104980598/688413204396769374/ChangeColor_12-3-2020-6-11-7.png]
[i.pinimg.com/originals/19/0d/5d/190d5d3afc6a97332731e7b25cffb489.gif]
[firecode.glitch.me/index.html]
[maxcdn.bootstrapcdn.com/bootstrap/4.3.1/css/bootstrap.min.css]
[firecode.glitch.me/css/index.html]
[firecode.glitch.me/css/genel.html]
[cdnjs.cloudflare.com/ajax/libs/codemirror/5.51.0/codemirror.min.css]
[cdnjs.cloudflare.com/ajax/libs/codemirror/5.51.0/theme/dracula.min.css]
[firecode.glitch.me/kodlar.html]
[firecode.glitch.me/css/style.html]
